2026-03-03 01:55:45,393 - INFO - Game Starting...
2026-03-03 01:56:05,582 - ERROR - CPU turn crashed: 'AttackEvaluator' object has no attribute 'cost'
Traceback (most recent call last):
  File "C:\Users\Public\Documents\4thsem\projects\marve-strike\marve-strike\main.py", line 228, in <module>
    cpu_turn(grid)
  File "C:\Users\Public\Documents\4thsem\projects\marve-strike\marve-strike\logic_cpu\advanced_cpu.py", line 231, in advanced_cpu_turn
    attack_obj = select_attack_placement(e_card, e_pos, target_pos, grid)
                 ^^^^^^^^^^^^^^^^^^^^^^^^^^^^^^^^^^^^^^^^^^^^^^^^^^^^^^^^
  File "C:\Users\Public\Documents\4thsem\projects\marve-strike\marve-strike\logic_cpu\dc_combat.py", line 298, in select_attack_placement
    best_score, selected = max_damage_knapsack(valid_attacks, 1)
                           ^^^^^^^^^^^^^^^^^^^^^^^^^^^^^^^^^^^^^
  File "C:\Users\Public\Documents\4thsem\projects\marve-strike\marve-strike\logic_cpu\dp_knapsack_damage.py", line 15, in max_damage_knapsack
    cost = atk.cost
           ^^^^^^^^
AttributeError: 'AttackEvaluator' object has no attribute 'cost'
2026-03-03 01:56:07,439 - ERROR - CPU turn crashed: 'AttackEvaluator' object has no attribute 'cost'
Traceback (most recent call last):
  File "C:\Users\Public\Documents\4thsem\projects\marve-strike\marve-strike\main.py", line 228, in <module>
    cpu_turn(grid)
  File "C:\Users\Public\Documents\4thsem\projects\marve-strike\marve-strike\logic_cpu\advanced_cpu.py", line 231, in advanced_cpu_turn
    attack_obj = select_attack_placement(e_card, e_pos, target_pos, grid)
                 ^^^^^^^^^^^^^^^^^^^^^^^^^^^^^^^^^^^^^^^^^^^^^^^^^^^^^^^^
  File "C:\Users\Public\Documents\4thsem\projects\marve-strike\marve-strike\logic_cpu\dc_combat.py", line 298, in select_attack_placement
    best_score, selected = max_damage_knapsack(valid_attacks, 1)
                           ^^^^^^^^^^^^^^^^^^^^^^^^^^^^^^^^^^^^^
  File "C:\Users\Public\Documents\4thsem\projects\marve-strike\marve-strike\logic_cpu\dp_knapsack_damage.py", line 15, in max_damage_knapsack
    cost = atk.cost
           ^^^^^^^^
AttributeError: 'AttackEvaluator' object has no attribute 'cost'
2026-03-03 01:56:08,619 - ERROR - CPU turn crashed: 'AttackEvaluator' object has no attribute 'cost'
Traceback (most recent call last):
  File "C:\Users\Public\Documents\4thsem\projects\marve-strike\marve-strike\main.py", line 228, in <module>
    cpu_turn(grid)
  File "C:\Users\Public\Documents\4thsem\projects\marve-strike\marve-strike\logic_cpu\advanced_cpu.py", line 231, in advanced_cpu_turn
    attack_obj = select_attack_placement(e_card, e_pos, target_pos, grid)
                 ^^^^^^^^^^^^^^^^^^^^^^^^^^^^^^^^^^^^^^^^^^^^^^^^^^^^^^^^
  File "C:\Users\Public\Documents\4thsem\projects\marve-strike\marve-strike\logic_cpu\dc_combat.py", line 298, in select_attack_placement
    best_score, selected = max_damage_knapsack(valid_attacks, 1)
                           ^^^^^^^^^^^^^^^^^^^^^^^^^^^^^^^^^^^^^
  File "C:\Users\Public\Documents\4thsem\projects\marve-strike\marve-strike\logic_cpu\dp_knapsack_damage.py", line 15, in max_damage_knapsack
    cost = atk.cost
           ^^^^^^^^
AttributeError: 'AttackEvaluator' object has no attribute 'cost'
2026-03-03 01:56:09,766 - ERROR - CPU turn crashed: 'AttackEvaluator' object has no attribute 'cost'
Traceback (most recent call last):
  File "C:\Users\Public\Documents\4thsem\projects\marve-strike\marve-strike\main.py", line 228, in <module>
    cpu_turn(grid)
  File "C:\Users\Public\Documents\4thsem\projects\marve-strike\marve-strike\logic_cpu\advanced_cpu.py", line 231, in advanced_cpu_turn
    attack_obj = select_attack_placement(e_card, e_pos, target_pos, grid)
                 ^^^^^^^^^^^^^^^^^^^^^^^^^^^^^^^^^^^^^^^^^^^^^^^^^^^^^^^^
  File "C:\Users\Public\Documents\4thsem\projects\marve-strike\marve-strike\logic_cpu\dc_combat.py", line 298, in select_attack_placement
    best_score, selected = max_damage_knapsack(valid_attacks, 1)
                           ^^^^^^^^^^^^^^^^^^^^^^^^^^^^^^^^^^^^^
  File "C:\Users\Public\Documents\4thsem\projects\marve-strike\marve-strike\logic_cpu\dp_knapsack_damage.py", line 15, in max_damage_knapsack
    cost = atk.cost
           ^^^^^^^^
AttributeError: 'AttackEvaluator' object has no attribute 'cost'
2026-03-03 01:56:11,337 - ERROR - CPU turn crashed: 'AttackEvaluator' object has no attribute 'cost'
Traceback (most recent call last):
  File "C:\Users\Public\Documents\4thsem\projects\marve-strike\marve-strike\main.py", line 228, in <module>
    cpu_turn(grid)
  File "C:\Users\Public\Documents\4thsem\projects\marve-strike\marve-strike\logic_cpu\advanced_cpu.py", line 231, in advanced_cpu_turn
    attack_obj = select_attack_placement(e_card, e_pos, target_pos, grid)
                 ^^^^^^^^^^^^^^^^^^^^^^^^^^^^^^^^^^^^^^^^^^^^^^^^^^^^^^^^
  File "C:\Users\Public\Documents\4thsem\projects\marve-strike\marve-strike\logic_cpu\dc_combat.py", line 298, in select_attack_placement
    best_score, selected = max_damage_knapsack(valid_attacks, 1)
                           ^^^^^^^^^^^^^^^^^^^^^^^^^^^^^^^^^^^^^
  File "C:\Users\Public\Documents\4thsem\projects\marve-strike\marve-strike\logic_cpu\dp_knapsack_damage.py", line 15, in max_damage_knapsack
    cost = atk.cost
           ^^^^^^^^
AttributeError: 'AttackEvaluator' object has no attribute 'cost'
2026-03-03 01:56:12,468 - ERROR - CPU turn crashed: 'AttackEvaluator' object has no attribute 'cost'
Traceback (most recent call last):
  File "C:\Users\Public\Documents\4thsem\projects\marve-strike\marve-strike\main.py", line 228, in <module>
    cpu_turn(grid)
  File "C:\Users\Public\Documents\4thsem\projects\marve-strike\marve-strike\logic_cpu\advanced_cpu.py", line 231, in advanced_cpu_turn
    attack_obj = select_attack_placement(e_card, e_pos, target_pos, grid)
                 ^^^^^^^^^^^^^^^^^^^^^^^^^^^^^^^^^^^^^^^^^^^^^^^^^^^^^^^^
  File "C:\Users\Public\Documents\4thsem\projects\marve-strike\marve-strike\logic_cpu\dc_combat.py", line 298, in select_attack_placement
    best_score, selected = max_damage_knapsack(valid_attacks, 1)
                           ^^^^^^^^^^^^^^^^^^^^^^^^^^^^^^^^^^^^^
  File "C:\Users\Public\Documents\4thsem\projects\marve-strike\marve-strike\logic_cpu\dp_knapsack_damage.py", line 15, in max_damage_knapsack
    cost = atk.cost
           ^^^^^^^^
AttributeError: 'AttackEvaluator' object has no attribute 'cost'
2026-03-03 01:56:13,617 - ERROR - CPU turn crashed: 'AttackEvaluator' object has no attribute 'cost'
Traceback (most recent call last):
  File "C:\Users\Public\Documents\4thsem\projects\marve-strike\marve-strike\main.py", line 228, in <module>
    cpu_turn(grid)
  File "C:\Users\Public\Documents\4thsem\projects\marve-strike\marve-strike\logic_cpu\advanced_cpu.py", line 231, in advanced_cpu_turn
    attack_obj = select_attack_placement(e_card, e_pos, target_pos, grid)
                 ^^^^^^^^^^^^^^^^^^^^^^^^^^^^^^^^^^^^^^^^^^^^^^^^^^^^^^^^
  File "C:\Users\Public\Documents\4thsem\projects\marve-strike\marve-strike\logic_cpu\dc_combat.py", line 298, in select_attack_placement
    best_score, selected = max_damage_knapsack(valid_attacks, 1)
                           ^^^^^^^^^^^^^^^^^^^^^^^^^^^^^^^^^^^^^
  File "C:\Users\Public\Documents\4thsem\projects\marve-strike\marve-strike\logic_cpu\dp_knapsack_damage.py", line 15, in max_damage_knapsack
    cost = atk.cost
           ^^^^^^^^
AttributeError: 'AttackEvaluator' object has no attribute 'cost'
2026-03-03 01:56:14,996 - ERROR - CPU turn crashed: 'AttackEvaluator' object has no attribute 'cost'
Traceback (most recent call last):
  File "C:\Users\Public\Documents\4thsem\projects\marve-strike\marve-strike\main.py", line 228, in <module>
    cpu_turn(grid)
  File "C:\Users\Public\Documents\4thsem\projects\marve-strike\marve-strike\logic_cpu\advanced_cpu.py", line 231, in advanced_cpu_turn
    attack_obj = select_attack_placement(e_card, e_pos, target_pos, grid)
                 ^^^^^^^^^^^^^^^^^^^^^^^^^^^^^^^^^^^^^^^^^^^^^^^^^^^^^^^^
  File "C:\Users\Public\Documents\4thsem\projects\marve-strike\marve-strike\logic_cpu\dc_combat.py", line 298, in select_attack_placement
    best_score, selected = max_damage_knapsack(valid_attacks, 1)
                           ^^^^^^^^^^^^^^^^^^^^^^^^^^^^^^^^^^^^^
  File "C:\Users\Public\Documents\4thsem\projects\marve-strike\marve-strike\logic_cpu\dp_knapsack_damage.py", line 15, in max_damage_knapsack
    cost = atk.cost
           ^^^^^^^^
AttributeError: 'AttackEvaluator' object has no attribute 'cost'
2026-03-03 01:56:16,082 - ERROR - CPU turn crashed: 'AttackEvaluator' object has no attribute 'cost'
Traceback (most recent call last):
  File "C:\Users\Public\Documents\4thsem\projects\marve-strike\marve-strike\main.py", line 228, in <module>
    cpu_turn(grid)
  File "C:\Users\Public\Documents\4thsem\projects\marve-strike\marve-strike\logic_cpu\advanced_cpu.py", line 231, in advanced_cpu_turn
    attack_obj = select_attack_placement(e_card, e_pos, target_pos, grid)
                 ^^^^^^^^^^^^^^^^^^^^^^^^^^^^^^^^^^^^^^^^^^^^^^^^^^^^^^^^
  File "C:\Users\Public\Documents\4thsem\projects\marve-strike\marve-strike\logic_cpu\dc_combat.py", line 298, in select_attack_placement
    best_score, selected = max_damage_knapsack(valid_attacks, 1)
                           ^^^^^^^^^^^^^^^^^^^^^^^^^^^^^^^^^^^^^
  File "C:\Users\Public\Documents\4thsem\projects\marve-strike\marve-strike\logic_cpu\dp_knapsack_damage.py", line 15, in max_damage_knapsack
    cost = atk.cost
           ^^^^^^^^
AttributeError: 'AttackEvaluator' object has no attribute 'cost'
